// Jest Snapshot v1, https://goo.gl/fbAQLP

exports[`App has a valid snapshot 1`] = `
<div
  className="page"
>
  <div
    className="author-intro"
  >
    <h1>
      Welcome to Viet Chip Journal XD
    </h1>
    <h2>
      My name is:
    </h2>
    <p>
      Alex
       
      Vuong
    </p>
    <h2>
      Please search here for latest news:
    </h2>
  </div>
  <div
    className="interactions"
  >
    <form
      onSubmit={[Function]}
    >
      <input
        onChange={[Function]}
        type="text"
        value="redux"
      />
      <button
        type="submit"
      >
        Press here to search
      </button>
      <div
        className="loading"
      >
        Loading
        <svg
          aria-hidden="true"
          className="svg-inline--fa fa-spinner fa-w-16 "
          data-icon="spinner"
          data-prefix="fas"
          role="img"
          style={
            Object {
              "marginLeft": "20px",
            }
          }
          viewBox="0 0 512 512"
          xmlns="http://www.w3.org/2000/svg"
        >
          <path
            d="M304 48c0 26.51-21.49 48-48 48s-48-21.49-48-48 21.49-48 48-48 48 21.49 48 48zm-48 368c-26.51 0-48 21.49-48 48s21.49 48 48 48 48-21.49 48-48-21.49-48-48-48zm208-208c-26.51 0-48 21.49-48 48s21.49 48 48 48 48-21.49 48-48-21.49-48-48-48zM96 256c0-26.51-21.49-48-48-48S0 229.49 0 256s21.49 48 48 48 48-21.49 48-48zm12.922 99.078c-26.51 0-48 21.49-48 48s21.49 48 48 48 48-21.49 48-48c0-26.509-21.491-48-48-48zm294.156 0c-26.51 0-48 21.49-48 48s21.49 48 48 48 48-21.49 48-48c0-26.509-21.49-48-48-48zM108.922 60.922c-26.51 0-48 21.49-48 48s21.49 48 48 48 48-21.49 48-48-21.491-48-48-48z"
            fill="currentColor"
            style={Object {}}
          />
        </svg>
      </div>
    </form>
  </div>
  <div>
    <div
      className="table"
    >
      <div
        className="table-header"
      >
        <span
          style={
            Object {
              "width": "40%",
            }
          }
        >
          Article
        </span>
        <span
          style={
            Object {
              "width": "30%",
            }
          }
        >
          Author
        </span>
        <span
          style={
            Object {
              "width": "10%",
            }
          }
        >
          Number of comments
        </span>
        <span
          style={
            Object {
              "width": "10%",
            }
          }
        >
          Points
        </span>
        <span
          style={
            Object {
              "width": "10%",
            }
          }
        />
      </div>
    </div>
  </div>
</div>
`;

exports[`Button has a valid snapshot 1`] = `
<button
  className=""
  onClick={[Function]}
  type="button"
>
  Give me more
</button>
`;

exports[`Search has a valid snapshot 1`] = `
<form>
  <input
    type="text"
    value="redux"
  />
  <button
    type="submit"
  >
    Search
  </button>
  <div>
    Some children
  </div>
</form>
`;

exports[`Table has a valid snapshot 1`] = `
<div>
  <div
    className="table"
  >
    <div
      className="table-header"
    >
      <span
        style={
          Object {
            "width": "40%",
          }
        }
      >
        Article
      </span>
      <span
        style={
          Object {
            "width": "30%",
          }
        }
      >
        Author
      </span>
      <span
        style={
          Object {
            "width": "10%",
          }
        }
      >
        Number of comments
      </span>
      <span
        style={
          Object {
            "width": "10%",
          }
        }
      >
        Points
      </span>
      <span
        style={
          Object {
            "width": "10%",
          }
        }
      />
    </div>
    <div
      className="table-row"
    >
      <span
        style={
          Object {
            "width": "40%",
          }
        }
      >
        <a>
          1
        </a>
      </span>
      <span
        style={
          Object {
            "width": "30%",
          }
        }
      >
        1
      </span>
      <span
        style={
          Object {
            "width": "10%",
          }
        }
      >
        1
      </span>
      <span
        style={
          Object {
            "width": "10%",
          }
        }
      >
        2
      </span>
      <span
        style={
          Object {
            "width": "10%",
          }
        }
      >
        <button
          className="button-inline"
          onClick={[Function]}
          type="button"
        >
          DISMISS
        </button>
      </span>
    </div>
    <div
      className="table-row"
    >
      <span
        style={
          Object {
            "width": "40%",
          }
        }
      >
        <a>
          2
        </a>
      </span>
      <span
        style={
          Object {
            "width": "30%",
          }
        }
      >
        2
      </span>
      <span
        style={
          Object {
            "width": "10%",
          }
        }
      >
        1
      </span>
      <span
        style={
          Object {
            "width": "10%",
          }
        }
      >
        3
      </span>
      <span
        style={
          Object {
            "width": "10%",
          }
        }
      >
        <button
          className="button-inline"
          onClick={[Function]}
          type="button"
        >
          DISMISS
        </button>
      </span>
    </div>
  </div>
</div>
`;
